// Jest Snapshot v1, https://goo.gl/fbAQLP

exports[`utils/createPathBreadcrumb() should match snapshot 1`] = `[Function]`;
