// Jest Snapshot v1, https://goo.gl/fbAQLP

exports[`utils/getKey() should match snapshot 1`] = `[Function]`;
