// Jest Snapshot v1, https://goo.gl/fbAQLP

exports[`utils/getArrayIndex() should match snapshot 1`] = `[Function]`;
