// Jest Snapshot v1, https://goo.gl/fbAQLP

exports[`utils/merge() should match snapshot 1`] = `[Function]`;
