// Jest Snapshot v1, https://goo.gl/fbAQLP

exports[`utils/replace() should match snapshot 1`] = `[Function]`;
