// Jest Snapshot v1, https://goo.gl/fbAQLP

exports[`dot should match snapshot 1`] = `undefined`;
