// Jest Snapshot v1, https://goo.gl/fbAQLP

exports[`parse() should match snapshot 1`] = `[Function]`;
