// Jest Snapshot v1, https://goo.gl/fbAQLP

exports[`parseKey() should match snapshot 1`] = `[Function]`;
