// Jest Snapshot v1, https://goo.gl/fbAQLP

exports[`pick() should match snapshot 1`] = `[Function]`;
